
   FAIL  Tests\Feature\StudentPolicyTest
  Ô£ô admin can view any students     0.58s  
  Ô£ô teacher can view any students   0.03s  
  Ô¿» student cannot view any studenÔÇª 0.03s  
  Ô£ô admin can create student        0.06s  
  Ô£ô teacher cannot create student   0.02s  
  Ô£ô student can view own profile    0.02s  
  ÔöÇÔöÇÔöÇÔöÇÔöÇÔöÇÔöÇÔöÇÔöÇÔöÇÔöÇÔöÇÔöÇÔöÇÔöÇÔöÇÔöÇÔöÇÔöÇÔöÇÔöÇÔöÇÔöÇÔöÇÔöÇÔöÇÔöÇÔöÇÔöÇÔöÇÔöÇÔöÇÔöÇÔöÇÔöÇÔöÇÔöÇÔöÇÔöÇ  
   FAILED  Tests\Feature\StudentPolicyTÔÇª   
  Expected response status code [403] but received 200.
Failed asserting that 200 is identical to 403.

  at tests\Feature\StudentPolicyTest.php:53
     49Ôûò         $student->markEmailAsVerified();
     50Ôûò 
     51Ôûò         $this->actingAs($student)
     52Ôûò             ->get(route('students.index'))
  Ô×£  53Ôûò             ->assertForbidden();
     54Ôûò     }
     55Ôûò 
     56Ôûò     public function test_admin_can_create_student()
     57Ôûò     {


  Tests:    1 failed, 5 passed (6 assertions)
  Duration: 0.92s

